{
  "version": "1.5.0",
  "plugins_used": [
    {
      "name": "ArtifactoryDetector"
    },
    {
      "name": "AWSKeyDetector"
    },
    {
      "name": "AzureStorageKeyDetector"
    },
    {
      "name": "Base64HighEntropyString",
      "limit": 4.5
    },
    {
      "name": "BasicAuthDetector"
    },
    {
      "name": "CloudantDetector"
    },
    {
      "name": "DiscordBotTokenDetector"
    },
    {
      "name": "GitHubTokenDetector"
    },
    {
      "name": "GitLabTokenDetector"
    },
    {
      "name": "HexHighEntropyString",
      "limit": 3.0
    },
    {
      "name": "IbmCloudIamDetector"
    },
    {
      "name": "IbmCosHmacDetector"
    },
    {
      "name": "IPPublicDetector"
    },
    {
      "name": "JwtTokenDetector"
    },
    {
      "name": "KeywordDetector",
      "keyword_exclude": ""
    },
    {
      "name": "MailchimpDetector"
    },
    {
      "name": "NpmDetector"
    },
    {
      "name": "OpenAIDetector"
    },
    {
      "name": "PrivateKeyDetector"
    },
    {
      "name": "PypiTokenDetector"
    },
    {
      "name": "SendGridDetector"
    },
    {
      "name": "SlackDetector"
    },
    {
      "name": "SoftlayerDetector"
    },
    {
      "name": "SquareOAuthDetector"
    },
    {
      "name": "StripeDetector"
    },
    {
      "name": "TelegramBotTokenDetector"
    },
    {
      "name": "TwilioKeyDetector"
    }
  ],
  "filters_used": [
    {
      "path": "detect_secrets.filters.allowlist.is_line_allowlisted"
    },
    {
      "path": "detect_secrets.filters.common.is_ignored_due_to_verification_policies",
      "min_level": 2
    },
    {
      "path": "detect_secrets.filters.heuristic.is_indirect_reference"
    },
    {
      "path": "detect_secrets.filters.heuristic.is_likely_id_string"
    },
    {
      "path": "detect_secrets.filters.heuristic.is_lock_file"
    },
    {
      "path": "detect_secrets.filters.heuristic.is_not_alphanumeric_string"
    },
    {
      "path": "detect_secrets.filters.heuristic.is_potential_uuid"
    },
    {
      "path": "detect_secrets.filters.heuristic.is_prefixed_with_dollar_sign"
    },
    {
      "path": "detect_secrets.filters.heuristic.is_sequential_string"
    },
    {
      "path": "detect_secrets.filters.heuristic.is_swagger_file"
    },
    {
      "path": "detect_secrets.filters.heuristic.is_templated_secret"
    }
  ],
  "results": {
    "serve_data/manifest.json": [
      {
        "type": "Hex High Entropy String",
        "filename": "serve_data/manifest.json",
        "hashed_secret": "c587d8d45fb5150dabc6fac5ac5fde10d0126128",
        "is_verified": false,
        "line_number": 18
      }
    ],
    "src/prime_radiant/epi/serve/bundle.py": [
      {
        "type": "Hex High Entropy String",
        "filename": "src/prime_radiant/epi/serve/bundle.py",
        "hashed_secret": "c587d8d45fb5150dabc6fac5ac5fde10d0126128",
        "is_verified": false,
        "line_number": 34
      }
    ],
    "tests/cassettes/test_nhsn/TestFetchAdmissions.test_only_hub_locations_survive.yaml": [
      {
        "type": "Base64 High Entropy String",
        "filename": "tests/cassettes/test_nhsn/TestFetchAdmissions.test_only_hub_locations_survive.yaml",
        "hashed_secret": "450edaf873a30de555c845269704477c63cd8bf2",
        "is_verified": false,
        "line_number": 19
      }
    ],
    "tests/cassettes/test_nhsn/TestFetchAdmissions.test_returns_hub_aligned_frame.yaml": [
      {
        "type": "Base64 High Entropy String",
        "filename": "tests/cassettes/test_nhsn/TestFetchAdmissions.test_returns_hub_aligned_frame.yaml",
        "hashed_secret": "450edaf873a30de555c845269704477c63cd8bf2",
        "is_verified": false,
        "line_number": 19
      }
    ],
    "tests/cassettes/test_nhsn/TestFetchAdmissions.test_week_ending_dates_are_saturdays.yaml": [
      {
        "type": "Base64 High Entropy String",
        "filename": "tests/cassettes/test_nhsn/TestFetchAdmissions.test_week_ending_dates_are_saturdays.yaml",
        "hashed_secret": "450edaf873a30de555c845269704477c63cd8bf2",
        "is_verified": false,
        "line_number": 19
      }
    ]
  },
  "generated_at": "2026-09-01T06:16:00Z"
}
